﻿
> non-sistemas-reservas@0.0.0 build
> vite build

[36mvite v8.0.8 [32mbuilding client environment for production...[36m[39m
[2K
transforming...Ô£ô 86 modules transformed.
rendering chunks...
computing gzip size...
dist/index.html                   1.10 kB Ôöé gzip:   0.59 kB
dist/assets/index-CZAKUUGf.css  151.12 kB Ôöé gzip:  22.71 kB
dist/assets/index-D-xJgU7n.js   896.99 kB Ôöé gzip: 244.48 kB

node.exe : [33m[plugin builtin:vite-reporter] 
En C:\Program Files\nodejs\npm.ps1: 29 Carácter: 3
+   & $NODE_EXE $NPM_CLI_JS $args
+   ~~~~~~~~~~~~~~~~~~~~~~~~~~~~~
    + CategoryInfo          : NotSpecified: ([33m[plugin builtin:vite-reporter] :String) [], RemoteException
    + FullyQualifiedErrorId : NativeCommandError
 
(!) Some chunks are larger than 500 kB after minification. Consider:
- Using dynamic import() to code-split the application
- Use build.rolldownOptions.output.codeSplitting to improve chunking: 
https://rolldown.rs/reference/OutputOptions.codeSplitting
- Adjust chunk size limit for this warning via build.chunkSizeWarningLimit.[39m
[31mÔ£ù[39m Build failed in 935ms
[31merror during build:
[31mBuild failed with 1 error:

Error: [vite]: Rolldown failed to resolve import "framer-motion" from 
"C:/non-sistemas-reservas/src/components/OnboardingWizard.jsx".
This is most likely unintended because it can break your application at runtime.
If you do want to externalize this module explicitly add it to
`build.rollupOptions.external`
    at viteLog (file:///C:/non-sistemas-reservas/node_modules/vite/dist/node/chunks/node.js:33047:57)
    at file:///C:/non-sistemas-reservas/node_modules/vite/dist/node/chunks/node.js:33083:71
    at onwarn (file:///C:/non-sistemas-reservas/node_modules/@vitejs/plugin-react/dist/index.js:40:7)
    at file:///C:/non-sistemas-reservas/node_modules/vite/dist/node/chunks/node.js:33083:28
    at onRollupLog (file:///C:/non-sistemas-reservas/node_modules/vite/dist/node/chunks/node.js:33078:63)
    at onLog (file:///C:/non-sistemas-reservas/node_modules/vite/dist/node/chunks/node.js:32847:4)
    at file:///C:/non-sistemas-reservas/node_modules/rolldown/dist/shared/rolldown-build-DtGk-m96.mjs:50:26
    at logger (file:///C:/non-sistemas-reservas/node_modules/rolldown/dist/shared/rolldown-build-DtGk-m96.mjs:41:3)
    at onLog 
(file:///C:/non-sistemas-reservas/node_modules/rolldown/dist/shared/bindingify-input-options-DYpBf1OG.mjs:2015:32)[31m
    at aggregateBindingErrorsIntoJsError 
(file:///C:/non-sistemas-reservas/node_modules/rolldown/dist/shared/error-w0u7biK-.mjs:48:18)
    at unwrapBindingResult 
(file:///C:/non-sistemas-reservas/node_modules/rolldown/dist/shared/error-w0u7biK-.mjs:18:128)
    at #build (file:///C:/non-sistemas-reservas/node_modules/rolldown/dist/shared/rolldown-build-DtGk-m96.mjs:3313:34)
    at async buildEnvironment (file:///C:/non-sistemas-reservas/node_modules/vite/dist/node/chunks/node.js:32954:64)
    at async Object.build (file:///C:/non-sistemas-reservas/node_modules/vite/dist/node/chunks/node.js:33376:19)
    at async Object.buildApp (file:///C:/non-sistemas-reservas/node_modules/vite/dist/node/chunks/node.js:33373:153)
    at async CAC.<anonymous> (file:///C:/non-sistemas-reservas/node_modules/vite/dist/node/cli.js:778:3) {
  errors: [Getter/Setter]
}[39m
